// Jest Snapshot v1, https://goo.gl/fbAQLP

exports[`AppStack Should render 1`] = `
<RNCSafeAreaProvider
  onInsetsChange={[Function]}
  style={
    Array [
      Object {
        "flex": 1,
      },
      undefined,
    ]
  }
>
  <RNSScreenNavigationContainer
    style={
      Object {
        "flex": 1,
        "overflow": "hidden",
      }
    }
  >
    <RNSScreen
      activityState={2}
      collapsable={false}
      forwardedRef={[Function]}
      gestureResponseDistance={
        Object {
          "bottom": -1,
          "end": -1,
          "start": -1,
          "top": -1,
        }
      }
      style={
        Object {
          "bottom": 0,
          "left": 0,
          "position": "absolute",
          "right": 0,
          "top": 0,
          "zIndex": 0,
        }
      }
    >
      <View
        accessibilityElementsHidden={false}
        importantForAccessibility="auto"
        style={
          Array [
            Object {
              "backgroundColor": "rgb(242, 242, 242)",
              "flex": 1,
            },
            Array [
              Object {
                "flex": 1,
                "flexDirection": "column-reverse",
              },
              undefined,
            ],
          ]
        }
      >
        <View
          style={
            Object {
              "flex": 1,
            }
          }
        >
          <View
            style={
              Array [
                Object {
                  "flex": 1,
                },
                undefined,
              ]
            }
          >
            <RNSScreenStack
              style={
                Object {
                  "flex": 1,
                }
              }
            >
              <RNSScreen
                collapsable={false}
                forwardedRef={[Function]}
                gestureResponseDistance={
                  Object {
                    "bottom": -1,
                    "end": -1,
                    "start": -1,
                    "top": -1,
                  }
                }
                nativeBackButtonDismissalEnabled={false}
                onAppear={[Function]}
                onDisappear={[Function]}
                onDismissed={[Function]}
                onHeaderBackButtonClicked={[Function]}
                onNativeDismissCancelled={[Function]}
                onTransitionProgress={[Function]}
                onWillDisappear={[Function]}
                replaceAnimation="push"
                stackPresentation="push"
                style={
                  Object {
                    "bottom": 0,
                    "left": 0,
                    "position": "absolute",
                    "right": 0,
                    "top": 0,
                  }
                }
                swipeDirection="horizontal"
              >
                <RNSScreenStackHeaderConfig
                  backButtonInCustomView={false}
                  backgroundColor="rgb(255, 255, 255)"
                  color="rgb(0, 122, 255)"
                  direction="ltr"
                  disableBackButtonMenu={false}
                  hidden={true}
                  hideBackButton={false}
                  largeTitleHideShadow={false}
                  title="Contracts"
                  titleColor="rgb(28, 28, 30)"
                  topInsetEnabled={false}
                  translucent={false}
                />
                <View
                  accessibilityElementsHidden={false}
                  importantForAccessibility="auto"
                  style={
                    Object {
                      "flex": 1,
                      "flexDirection": "column-reverse",
                    }
                  }
                >
                  <View
                    style={
                      Array [
                        Object {
                          "flex": 1,
                        },
                        Object {
                          "backgroundColor": "rgb(242, 242, 242)",
                        },
                        undefined,
                      ]
                    }
                  >
                    <View
                      style={
                        Array [
                          Array [
                            Object {
                              "display": "flex",
                            },
                            Object {
                              "justifyContent": "center",
                            },
                            Object {
                              "alignItems": "center",
                            },
                          ],
                        ]
                      }
                    >
                      <Text>
                        Fetching...
                      </Text>
                    </View>
                  </View>
                </View>
              </RNSScreen>
            </RNSScreenStack>
          </View>
        </View>
      </View>
    </RNSScreen>
  </RNSScreenNavigationContainer>
  <View
    collapsable={false}
    onLayout={[Function]}
    pointerEvents="auto"
    style={
      Object {
        "backgroundColor": "rgb(255, 255, 255)",
        "borderTopColor": "rgb(216, 216, 216)",
        "borderTopWidth": 0.5,
        "bottom": 0,
        "elevation": 8,
        "height": 49,
        "left": 0,
        "paddingBottom": 0,
        "paddingHorizontal": 0,
        "position": null,
        "right": 0,
        "transform": Array [
          Object {
            "translateY": 0,
          },
        ],
      }
    }
  >
    <View
      pointerEvents="none"
      style={
        Object {
          "bottom": 0,
          "left": 0,
          "position": "absolute",
          "right": 0,
          "top": 0,
        }
      }
    />
    <View
      accessibilityRole="tablist"
      style={
        Object {
          "flex": 1,
          "flexDirection": "row",
        }
      }
    >
      <View
        accessibilityLabel="ContractsStack, tab, 1 of 4"
        accessibilityRole="button"
        accessibilityState={
          Object {
            "selected": true,
          }
        }
        accessibilityStates={
          Array [
            "selected",
          ]
        }
        accessible={true}
        collapsable={false}
        focusable={true}
        onBlur={[Function]}
        onClick={[Function]}
        onFocus={[Function]}
        onResponderGrant={[Function]}
        onResponderMove={[Function]}
        onResponderRelease={[Function]}
        onResponderTerminate={[Function]}
        onResponderTerminationRequest={[Function]}
        onStartShouldSetResponder={[Function]}
        style={
          Array [
            Object {
              "alignItems": "center",
              "flex": 1,
            },
            Object {
              "backgroundColor": "transparent",
            },
            Object {
              "flexDirection": "column",
              "justifyContent": "flex-end",
            },
            undefined,
          ]
        }
      >
        <View
          style={
            Array [
              Object {
                "flex": 1,
              },
              undefined,
            ]
          }
        >
          <View
            style={
              Array [
                Object {
                  "alignItems": "center",
                  "alignSelf": "center",
                  "height": "100%",
                  "justifyContent": "center",
                  "minWidth": 25,
                  "position": "absolute",
                  "width": "100%",
                },
                Object {
                  "opacity": 1,
                },
              ]
            }
          >
            <Text />
          </View>
          <View
            style={
              Array [
                Object {
                  "alignItems": "center",
                  "alignSelf": "center",
                  "height": "100%",
                  "justifyContent": "center",
                  "minWidth": 25,
                  "position": "absolute",
                  "width": "100%",
                },
                Object {
                  "opacity": 0,
                },
              ]
            }
          >
            <Text />
          </View>
        </View>
      </View>
      <View
        accessibilityLabel="TicketsStack, tab, 2 of 4"
        accessibilityRole="button"
        accessibilityState={
          Object {
            "selected": false,
          }
        }
        accessibilityStates={Array []}
        accessible={true}
        collapsable={false}
        focusable={true}
        onBlur={[Function]}
        onClick={[Function]}
        onFocus={[Function]}
        onResponderGrant={[Function]}
        onResponderMove={[Function]}
        onResponderRelease={[Function]}
        onResponderTerminate={[Function]}
        onResponderTerminationRequest={[Function]}
        onStartShouldSetResponder={[Function]}
        style={
          Array [
            Object {
              "alignItems": "center",
              "flex": 1,
            },
            Object {
              "backgroundColor": "transparent",
            },
            Object {
              "flexDirection": "column",
              "justifyContent": "flex-end",
            },
            undefined,
          ]
        }
      >
        <View
          style={
            Array [
              Object {
                "flex": 1,
              },
              undefined,
            ]
          }
        >
          <View
            style={
              Array [
                Object {
                  "alignItems": "center",
                  "alignSelf": "center",
                  "height": "100%",
                  "justifyContent": "center",
                  "minWidth": 25,
                  "position": "absolute",
                  "width": "100%",
                },
                Object {
                  "opacity": 0,
                },
              ]
            }
          >
            <Text />
          </View>
          <View
            style={
              Array [
                Object {
                  "alignItems": "center",
                  "alignSelf": "center",
                  "height": "100%",
                  "justifyContent": "center",
                  "minWidth": 25,
                  "position": "absolute",
                  "width": "100%",
                },
                Object {
                  "opacity": 1,
                },
              ]
            }
          >
            <Text />
          </View>
        </View>
      </View>
      <View
        accessibilityLabel="Transport, tab, 3 of 4"
        accessibilityRole="button"
        accessibilityState={
          Object {
            "selected": false,
          }
        }
        accessibilityStates={Array []}
        accessible={true}
        collapsable={false}
        focusable={true}
        onBlur={[Function]}
        onClick={[Function]}
        onFocus={[Function]}
        onResponderGrant={[Function]}
        onResponderMove={[Function]}
        onResponderRelease={[Function]}
        onResponderTerminate={[Function]}
        onResponderTerminationRequest={[Function]}
        onStartShouldSetResponder={[Function]}
        style={
          Array [
            Object {
              "alignItems": "center",
              "flex": 1,
            },
            Object {
              "backgroundColor": "transparent",
            },
            Object {
              "flexDirection": "column",
              "justifyContent": "flex-end",
            },
            undefined,
          ]
        }
      >
        <View
          style={
            Array [
              Object {
                "flex": 1,
              },
              undefined,
            ]
          }
        >
          <View
            style={
              Array [
                Object {
                  "alignItems": "center",
                  "alignSelf": "center",
                  "height": "100%",
                  "justifyContent": "center",
                  "minWidth": 25,
                  "position": "absolute",
                  "width": "100%",
                },
                Object {
                  "opacity": 0,
                },
              ]
            }
          >
            <Text />
          </View>
          <View
            style={
              Array [
                Object {
                  "alignItems": "center",
                  "alignSelf": "center",
                  "height": "100%",
                  "justifyContent": "center",
                  "minWidth": 25,
                  "position": "absolute",
                  "width": "100%",
                },
                Object {
                  "opacity": 1,
                },
              ]
            }
          >
            <Text />
          </View>
        </View>
      </View>
      <View
        accessibilityLabel="Scan, tab, 4 of 4"
        accessibilityRole="button"
        accessibilityState={
          Object {
            "selected": false,
          }
        }
        accessibilityStates={Array []}
        accessible={true}
        collapsable={false}
        focusable={true}
        onBlur={[Function]}
        onClick={[Function]}
        onFocus={[Function]}
        onResponderGrant={[Function]}
        onResponderMove={[Function]}
        onResponderRelease={[Function]}
        onResponderTerminate={[Function]}
        onResponderTerminationRequest={[Function]}
        onStartShouldSetResponder={[Function]}
        style={
          Array [
            Object {
              "alignItems": "center",
              "flex": 1,
            },
            Object {
              "backgroundColor": "transparent",
            },
            Object {
              "flexDirection": "column",
              "justifyContent": "flex-end",
            },
            undefined,
          ]
        }
      >
        <View
          style={
            Array [
              Object {
                "flex": 1,
              },
              undefined,
            ]
          }
        >
          <View
            style={
              Array [
                Object {
                  "alignItems": "center",
                  "alignSelf": "center",
                  "height": "100%",
                  "justifyContent": "center",
                  "minWidth": 25,
                  "position": "absolute",
                  "width": "100%",
                },
                Object {
                  "opacity": 0,
                },
              ]
            }
          >
            <Text />
          </View>
          <View
            style={
              Array [
                Object {
                  "alignItems": "center",
                  "alignSelf": "center",
                  "height": "100%",
                  "justifyContent": "center",
                  "minWidth": 25,
                  "position": "absolute",
                  "width": "100%",
                },
                Object {
                  "opacity": 1,
                },
              ]
            }
          >
            <Text />
          </View>
        </View>
      </View>
    </View>
  </View>
</RNCSafeAreaProvider>
`;
